---
source: crates/lib/src/qpu/rewrite_arithmetic.rs
expression: "substitutions[1].to_string()"
---
theta[0]/20
