---
source: crates/lib/src/qpu/rewrite_arithmetic.rs
expression: "substitutions[0].to_string()"
---
(3*theta[0])/6.283185307179586
